[foo,100,199,A,spring] => 110
[foo,100,199,A,summer] => 110
[foo,100,199,A,autumn] => 110
[foo,100,199,A,winter] => 110
[foo,100,199,B,spring] => 110
[foo,100,199,B,summer] => 110
[foo,100,199,B,autumn] => 110
[foo,100,199,B,winter] => 110
[foo,100,199,C,spring] => 110
[foo,100,199,C,summer] => 110
[foo,100,199,C,autumn] => 110
[foo,100,199,C,winter] => 110
[foo,100,199,D,spring] => 110
[foo,100,199,D,summer] => 110
[foo,100,199,D,autumn] => 110
[foo,100,199,D,winter] => 110
[foo,100,199,E,spring] => 110
[foo,100,199,E,summer] => 110
[foo,100,199,E,autumn] => 110
[foo,100,199,E,winter] => 110
[foo,100,199,F,spring] => 110
[foo,100,199,F,summer] => 110
[foo,100,199,F,autumn] => 110
[foo,100,199,F,winter] => 110
[foo,100,200,A,spring] => 150
[foo,100,200,A,summer] => 150
[foo,100,200,A,autumn] => 150
[foo,100,200,A,winter] => 150
[foo,100,200,B,spring] => 150
[foo,100,200,B,summer] => 150
[foo,100,200,B,autumn] => 150
[foo,100,200,B,winter] => 150
[foo,100,200,C,spring] => 150
[foo,100,200,C,summer] => 150
[foo,100,200,C,autumn] => 150
[foo,100,200,C,winter] => 150
[foo,100,200,D,spring] => 150
[foo,100,200,D,summer] => 150
[foo,100,200,D,autumn] => 150
[foo,100,200,D,winter] => 150
[foo,100,200,E,spring] => 150
[foo,100,200,E,summer] => 150
[foo,100,200,E,autumn] => 150
[foo,100,200,E,winter] => 150
[foo,100,200,F,spring] => 150
[foo,100,200,F,summer] => 150
[foo,100,200,F,autumn] => 150
[foo,100,200,F,winter] => 150
[foo,100,999,A,spring] => 150
[foo,100,999,A,summer] => 150
[foo,100,999,A,autumn] => 150
[foo,100,999,A,winter] => 150
[foo,100,999,B,spring] => 150
[foo,100,999,B,summer] => 150
[foo,100,999,B,autumn] => 150
[foo,100,999,B,winter] => 150
[foo,100,999,C,spring] => 150
[foo,100,999,C,summer] => 150
[foo,100,999,C,autumn] => 150
[foo,100,999,C,winter] => 150
[foo,100,999,D,spring] => 150
[foo,100,999,D,summer] => 150
[foo,100,999,D,autumn] => 150
[foo,100,999,D,winter] => 150
[foo,100,999,E,spring] => 150
[foo,100,999,E,summer] => 150
[foo,100,999,E,autumn] => 150
[foo,100,999,E,winter] => 150
[foo,100,999,F,spring] => 150
[foo,100,999,F,summer] => 150
[foo,100,999,F,autumn] => 150
[foo,100,999,F,winter] => 150
[foo,100,1000,A,spring] => 180
[foo,100,1000,A,summer] => 180
[foo,100,1000,A,autumn] => 180
[foo,100,1000,A,winter] => 180
[foo,100,1000,B,spring] => 180
[foo,100,1000,B,summer] => 180
[foo,100,1000,B,autumn] => 180
[foo,100,1000,B,winter] => 180
[foo,100,1000,C,spring] => 180
[foo,100,1000,C,summer] => 180
[foo,100,1000,C,autumn] => 180
[foo,100,1000,C,winter] => 180
[foo,100,1000,D,spring] => 180
[foo,100,1000,D,summer] => 180
[foo,100,1000,D,autumn] => 180
[foo,100,1000,D,winter] => 180
[foo,100,1000,E,spring] => 180
[foo,100,1000,E,summer] => 180
[foo,100,1000,E,autumn] => 180
[foo,100,1000,E,winter] => 180
[foo,100,1000,F,spring] => 180
[foo,100,1000,F,summer] => 180
[foo,100,1000,F,autumn] => 180
[foo,100,1000,F,winter] => 180
[foo,100,4999,A,spring] => 180
[foo,100,4999,A,summer] => 180
[foo,100,4999,A,autumn] => 180
[foo,100,4999,A,winter] => 180
[foo,100,4999,B,spring] => 180
[foo,100,4999,B,summer] => 180
[foo,100,4999,B,autumn] => 180
[foo,100,4999,B,winter] => 180
[foo,100,4999,C,spring] => 180
[foo,100,4999,C,summer] => 180
[foo,100,4999,C,autumn] => 180
[foo,100,4999,C,winter] => 180
[foo,100,4999,D,spring] => 180
[foo,100,4999,D,summer] => 180
[foo,100,4999,D,autumn] => 180
[foo,100,4999,D,winter] => 180
[foo,100,4999,E,spring] => 180
[foo,100,4999,E,summer] => 180
[foo,100,4999,E,autumn] => 180
[foo,100,4999,E,winter] => 180
[foo,100,4999,F,spring] => 180
[foo,100,4999,F,summer] => 180
[foo,100,4999,F,autumn] => 180
[foo,100,4999,F,winter] => 180
[foo,100,5000,A,spring] => 200
[foo,100,5000,A,summer] => 200
[foo,100,5000,A,autumn] => 200
[foo,100,5000,A,winter] => 200
[foo,100,5000,B,spring] => 200
[foo,100,5000,B,summer] => 200
[foo,100,5000,B,autumn] => 200
[foo,100,5000,B,winter] => 200
[foo,100,5000,C,spring] => 200
[foo,100,5000,C,summer] => 200
[foo,100,5000,C,autumn] => 200
[foo,100,5000,C,winter] => 200
[foo,100,5000,D,spring] => 200
[foo,100,5000,D,summer] => 200
[foo,100,5000,D,autumn] => 200
[foo,100,5000,D,winter] => 200
[foo,100,5000,E,spring] => 200
[foo,100,5000,E,summer] => 200
[foo,100,5000,E,autumn] => 200
[foo,100,5000,E,winter] => 200
[foo,100,5000,F,spring] => 200
[foo,100,5000,F,summer] => 200
[foo,100,5000,F,autumn] => 200
[foo,100,5000,F,winter] => 200
[foo,1501,199,A,spring] => 1501
[foo,1501,199,A,summer] => 1501
[foo,1501,199,A,autumn] => 1501
[foo,1501,199,A,winter] => 1501
[foo,1501,199,B,spring] => 1501
[foo,1501,199,B,summer] => 1501
[foo,1501,199,B,autumn] => 1501
[foo,1501,199,B,winter] => 1501
[foo,1501,199,C,spring] => 1501
[foo,1501,199,C,summer] => 1501
[foo,1501,199,C,autumn] => 1501
[foo,1501,199,C,winter] => 1501
[foo,1501,199,D,spring] => 1501
[foo,1501,199,D,summer] => 1501
[foo,1501,199,D,autumn] => 1501
[foo,1501,199,D,winter] => 1501
[foo,1501,199,E,spring] => 1501
[foo,1501,199,E,summer] => 1501
[foo,1501,199,E,autumn] => 1501
[foo,1501,199,E,winter] => 1501
[foo,1501,199,F,spring] => 1501
[foo,1501,199,F,summer] => 1501
[foo,1501,199,F,autumn] => 1501
[foo,1501,199,F,winter] => 1501
[foo,1501,200,A,spring] => 1501
[foo,1501,200,A,summer] => 1501
[foo,1501,200,A,autumn] => 1501
[foo,1501,200,A,winter] => 1501
[foo,1501,200,B,spring] => 1501
[foo,1501,200,B,summer] => 1501
[foo,1501,200,B,autumn] => 1501
[foo,1501,200,B,winter] => 1501
[foo,1501,200,C,spring] => 1501
[foo,1501,200,C,summer] => 1501
[foo,1501,200,C,autumn] => 1501
[foo,1501,200,C,winter] => 1501
[foo,1501,200,D,spring] => 1501
[foo,1501,200,D,summer] => 1501
[foo,1501,200,D,autumn] => 1501
[foo,1501,200,D,winter] => 1501
[foo,1501,200,E,spring] => 1501
[foo,1501,200,E,summer] => 1501
[foo,1501,200,E,autumn] => 1501
[foo,1501,200,E,winter] => 1501
[foo,1501,200,F,spring] => 1501
[foo,1501,200,F,summer] => 1501
[foo,1501,200,F,autumn] => 1501
[foo,1501,200,F,winter] => 1501
[foo,1501,999,A,spring] => 1501
[foo,1501,999,A,summer] => 1501
[foo,1501,999,A,autumn] => 1501
[foo,1501,999,A,winter] => 1501
[foo,1501,999,B,spring] => 1501
[foo,1501,999,B,summer] => 1501
[foo,1501,999,B,autumn] => 1501
[foo,1501,999,B,winter] => 1501
[foo,1501,999,C,spring] => 1501
[foo,1501,999,C,summer] => 1501
[foo,1501,999,C,autumn] => 1501
[foo,1501,999,C,winter] => 1501
[foo,1501,999,D,spring] => 1501
[foo,1501,999,D,summer] => 1501
[foo,1501,999,D,autumn] => 1501
[foo,1501,999,D,winter] => 1501
[foo,1501,999,E,spring] => 1501
[foo,1501,999,E,summer] => 1501
[foo,1501,999,E,autumn] => 1501
[foo,1501,999,E,winter] => 1501
[foo,1501,999,F,spring] => 1501
[foo,1501,999,F,summer] => 1501
[foo,1501,999,F,autumn] => 1501
[foo,1501,999,F,winter] => 1501
[foo,1501,1000,A,spring] => 1501
[foo,1501,1000,A,summer] => 1501
[foo,1501,1000,A,autumn] => 1501
[foo,1501,1000,A,winter] => 1501
[foo,1501,1000,B,spring] => 1501
[foo,1501,1000,B,summer] => 1501
[foo,1501,1000,B,autumn] => 1501
[foo,1501,1000,B,winter] => 1501
[foo,1501,1000,C,spring] => 1501
[foo,1501,1000,C,summer] => 1501
[foo,1501,1000,C,autumn] => 1501
[foo,1501,1000,C,winter] => 1501
[foo,1501,1000,D,spring] => 1501
[foo,1501,1000,D,summer] => 1501
[foo,1501,1000,D,autumn] => 1501
[foo,1501,1000,D,winter] => 1501
[foo,1501,1000,E,spring] => 1501
[foo,1501,1000,E,summer] => 1501
[foo,1501,1000,E,autumn] => 1501
[foo,1501,1000,E,winter] => 1501
[foo,1501,1000,F,spring] => 1501
[foo,1501,1000,F,summer] => 1501
[foo,1501,1000,F,autumn] => 1501
[foo,1501,1000,F,winter] => 1501
[foo,1501,4999,A,spring] => 1501
[foo,1501,4999,A,summer] => 1501
[foo,1501,4999,A,autumn] => 1501
[foo,1501,4999,A,winter] => 1501
[foo,1501,4999,B,spring] => 1501
[foo,1501,4999,B,summer] => 1501
[foo,1501,4999,B,autumn] => 1501
[foo,1501,4999,B,winter] => 1501
[foo,1501,4999,C,spring] => 1501
[foo,1501,4999,C,summer] => 1501
[foo,1501,4999,C,autumn] => 1501
[foo,1501,4999,C,winter] => 1501
[foo,1501,4999,D,spring] => 1501
[foo,1501,4999,D,summer] => 1501
[foo,1501,4999,D,autumn] => 1501
[foo,1501,4999,D,winter] => 1501
[foo,1501,4999,E,spring] => 1501
[foo,1501,4999,E,summer] => 1501
[foo,1501,4999,E,autumn] => 1501
[foo,1501,4999,E,winter] => 1501
[foo,1501,4999,F,spring] => 1501
[foo,1501,4999,F,summer] => 1501
[foo,1501,4999,F,autumn] => 1501
[foo,1501,4999,F,winter] => 1501
[foo,1501,5000,A,spring] => 1501
[foo,1501,5000,A,summer] => 1501
[foo,1501,5000,A,autumn] => 1501
[foo,1501,5000,A,winter] => 1501
[foo,1501,5000,B,spring] => 1501
[foo,1501,5000,B,summer] => 1501
[foo,1501,5000,B,autumn] => 1501
[foo,1501,5000,B,winter] => 1501
[foo,1501,5000,C,spring] => 1501
[foo,1501,5000,C,summer] => 1501
[foo,1501,5000,C,autumn] => 1501
[foo,1501,5000,C,winter] => 1501
[foo,1501,5000,D,spring] => 1501
[foo,1501,5000,D,summer] => 1501
[foo,1501,5000,D,autumn] => 1501
[foo,1501,5000,D,winter] => 1501
[foo,1501,5000,E,spring] => 1501
[foo,1501,5000,E,summer] => 1501
[foo,1501,5000,E,autumn] => 1501
[foo,1501,5000,E,winter] => 1501
[foo,1501,5000,F,spring] => 1501
[foo,1501,5000,F,summer] => 1501
[foo,1501,5000,F,autumn] => 1501
[foo,1501,5000,F,winter] => 1501
[TV,100,199,A,spring] => 210
[TV,100,199,A,summer] => 210
[TV,100,199,A,autumn] => 210
[TV,100,199,A,winter] => 210
[TV,100,199,B,spring] => 190
[TV,100,199,B,summer] => 190
[TV,100,199,B,autumn] => 190
[TV,100,199,B,winter] => 190
[TV,100,199,C,spring] => 170
[TV,100,199,C,summer] => 170
[TV,100,199,C,autumn] => 170
[TV,100,199,C,winter] => 170
[TV,100,199,D,spring] => 160
[TV,100,199,D,summer] => 160
[TV,100,199,D,autumn] => 160
[TV,100,199,D,winter] => 160
[TV,100,199,E,spring] => 140
[TV,100,199,E,summer] => 140
[TV,100,199,E,autumn] => 140
[TV,100,199,E,winter] => 140
[TV,100,199,F,spring] => 120
[TV,100,199,F,summer] => 120
[TV,100,199,F,autumn] => 120
[TV,100,199,F,winter] => 120
[TV,100,200,A,spring] => 250
[TV,100,200,A,summer] => 250
[TV,100,200,A,autumn] => 250
[TV,100,200,A,winter] => 250
[TV,100,200,B,spring] => 230
[TV,100,200,B,summer] => 230
[TV,100,200,B,autumn] => 230
[TV,100,200,B,winter] => 230
[TV,100,200,C,spring] => 210
[TV,100,200,C,summer] => 210
[TV,100,200,C,autumn] => 210
[TV,100,200,C,winter] => 210
[TV,100,200,D,spring] => 200
[TV,100,200,D,summer] => 200
[TV,100,200,D,autumn] => 200
[TV,100,200,D,winter] => 200
[TV,100,200,E,spring] => 180
[TV,100,200,E,summer] => 180
[TV,100,200,E,autumn] => 180
[TV,100,200,E,winter] => 180
[TV,100,200,F,spring] => 160
[TV,100,200,F,summer] => 160
[TV,100,200,F,autumn] => 160
[TV,100,200,F,winter] => 160
[TV,100,999,A,spring] => 250
[TV,100,999,A,summer] => 250
[TV,100,999,A,autumn] => 250
[TV,100,999,A,winter] => 250
[TV,100,999,B,spring] => 230
[TV,100,999,B,summer] => 230
[TV,100,999,B,autumn] => 230
[TV,100,999,B,winter] => 230
[TV,100,999,C,spring] => 210
[TV,100,999,C,summer] => 210
[TV,100,999,C,autumn] => 210
[TV,100,999,C,winter] => 210
[TV,100,999,D,spring] => 200
[TV,100,999,D,summer] => 200
[TV,100,999,D,autumn] => 200
[TV,100,999,D,winter] => 200
[TV,100,999,E,spring] => 180
[TV,100,999,E,summer] => 180
[TV,100,999,E,autumn] => 180
[TV,100,999,E,winter] => 180
[TV,100,999,F,spring] => 160
[TV,100,999,F,summer] => 160
[TV,100,999,F,autumn] => 160
[TV,100,999,F,winter] => 160
[TV,100,1000,A,spring] => 280
[TV,100,1000,A,summer] => 280
[TV,100,1000,A,autumn] => 280
[TV,100,1000,A,winter] => 280
[TV,100,1000,B,spring] => 260
[TV,100,1000,B,summer] => 260
[TV,100,1000,B,autumn] => 260
[TV,100,1000,B,winter] => 260
[TV,100,1000,C,spring] => 240
[TV,100,1000,C,summer] => 240
[TV,100,1000,C,autumn] => 240
[TV,100,1000,C,winter] => 240
[TV,100,1000,D,spring] => 230
[TV,100,1000,D,summer] => 230
[TV,100,1000,D,autumn] => 230
[TV,100,1000,D,winter] => 230
[TV,100,1000,E,spring] => 210
[TV,100,1000,E,summer] => 210
[TV,100,1000,E,autumn] => 210
[TV,100,1000,E,winter] => 210
[TV,100,1000,F,spring] => 190
[TV,100,1000,F,summer] => 190
[TV,100,1000,F,autumn] => 190
[TV,100,1000,F,winter] => 190
[TV,100,4999,A,spring] => 280
[TV,100,4999,A,summer] => 280
[TV,100,4999,A,autumn] => 280
[TV,100,4999,A,winter] => 280
[TV,100,4999,B,spring] => 260
[TV,100,4999,B,summer] => 260
[TV,100,4999,B,autumn] => 260
[TV,100,4999,B,winter] => 260
[TV,100,4999,C,spring] => 240
[TV,100,4999,C,summer] => 240
[TV,100,4999,C,autumn] => 240
[TV,100,4999,C,winter] => 240
[TV,100,4999,D,spring] => 230
[TV,100,4999,D,summer] => 230
[TV,100,4999,D,autumn] => 230
[TV,100,4999,D,winter] => 230
[TV,100,4999,E,spring] => 210
[TV,100,4999,E,summer] => 210
[TV,100,4999,E,autumn] => 210
[TV,100,4999,E,winter] => 210
[TV,100,4999,F,spring] => 190
[TV,100,4999,F,summer] => 190
[TV,100,4999,F,autumn] => 190
[TV,100,4999,F,winter] => 190
[TV,100,5000,A,spring] => 300
[TV,100,5000,A,summer] => 300
[TV,100,5000,A,autumn] => 300
[TV,100,5000,A,winter] => 300
[TV,100,5000,B,spring] => 280
[TV,100,5000,B,summer] => 280
[TV,100,5000,B,autumn] => 280
[TV,100,5000,B,winter] => 280
[TV,100,5000,C,spring] => 260
[TV,100,5000,C,summer] => 260
[TV,100,5000,C,autumn] => 260
[TV,100,5000,C,winter] => 260
[TV,100,5000,D,spring] => 250
[TV,100,5000,D,summer] => 250
[TV,100,5000,D,autumn] => 250
[TV,100,5000,D,winter] => 250
[TV,100,5000,E,spring] => 230
[TV,100,5000,E,summer] => 230
[TV,100,5000,E,autumn] => 230
[TV,100,5000,E,winter] => 230
[TV,100,5000,F,spring] => 210
[TV,100,5000,F,summer] => 210
[TV,100,5000,F,autumn] => 210
[TV,100,5000,F,winter] => 210
[TV,1501,199,A,spring] => 1601
[TV,1501,199,A,summer] => 1601
[TV,1501,199,A,autumn] => 1601
[TV,1501,199,A,winter] => 1601
[TV,1501,199,B,spring] => 1581
[TV,1501,199,B,summer] => 1581
[TV,1501,199,B,autumn] => 1581
[TV,1501,199,B,winter] => 1581
[TV,1501,199,C,spring] => 1561
[TV,1501,199,C,summer] => 1561
[TV,1501,199,C,autumn] => 1561
[TV,1501,199,C,winter] => 1561
[TV,1501,199,D,spring] => 1551
[TV,1501,199,D,summer] => 1551
[TV,1501,199,D,autumn] => 1551
[TV,1501,199,D,winter] => 1551
[TV,1501,199,E,spring] => 1531
[TV,1501,199,E,summer] => 1531
[TV,1501,199,E,autumn] => 1531
[TV,1501,199,E,winter] => 1531
[TV,1501,199,F,spring] => 1511
[TV,1501,199,F,summer] => 1511
[TV,1501,199,F,autumn] => 1511
[TV,1501,199,F,winter] => 1511
[TV,1501,200,A,spring] => 1601
[TV,1501,200,A,summer] => 1601
[TV,1501,200,A,autumn] => 1601
[TV,1501,200,A,winter] => 1601
[TV,1501,200,B,spring] => 1581
[TV,1501,200,B,summer] => 1581
[TV,1501,200,B,autumn] => 1581
[TV,1501,200,B,winter] => 1581
[TV,1501,200,C,spring] => 1561
[TV,1501,200,C,summer] => 1561
[TV,1501,200,C,autumn] => 1561
[TV,1501,200,C,winter] => 1561
[TV,1501,200,D,spring] => 1551
[TV,1501,200,D,summer] => 1551
[TV,1501,200,D,autumn] => 1551
[TV,1501,200,D,winter] => 1551
[TV,1501,200,E,spring] => 1531
[TV,1501,200,E,summer] => 1531
[TV,1501,200,E,autumn] => 1531
[TV,1501,200,E,winter] => 1531
[TV,1501,200,F,spring] => 1511
[TV,1501,200,F,summer] => 1511
[TV,1501,200,F,autumn] => 1511
[TV,1501,200,F,winter] => 1511
[TV,1501,999,A,spring] => 1601
[TV,1501,999,A,summer] => 1601
[TV,1501,999,A,autumn] => 1601
[TV,1501,999,A,winter] => 1601
[TV,1501,999,B,spring] => 1581
[TV,1501,999,B,summer] => 1581
[TV,1501,999,B,autumn] => 1581
[TV,1501,999,B,winter] => 1581
[TV,1501,999,C,spring] => 1561
[TV,1501,999,C,summer] => 1561
[TV,1501,999,C,autumn] => 1561
[TV,1501,999,C,winter] => 1561
[TV,1501,999,D,spring] => 1551
[TV,1501,999,D,summer] => 1551
[TV,1501,999,D,autumn] => 1551
[TV,1501,999,D,winter] => 1551
[TV,1501,999,E,spring] => 1531
[TV,1501,999,E,summer] => 1531
[TV,1501,999,E,autumn] => 1531
[TV,1501,999,E,winter] => 1531
[TV,1501,999,F,spring] => 1511
[TV,1501,999,F,summer] => 1511
[TV,1501,999,F,autumn] => 1511
[TV,1501,999,F,winter] => 1511
[TV,1501,1000,A,spring] => 1601
[TV,1501,1000,A,summer] => 1601
[TV,1501,1000,A,autumn] => 1601
[TV,1501,1000,A,winter] => 1601
[TV,1501,1000,B,spring] => 1581
[TV,1501,1000,B,summer] => 1581
[TV,1501,1000,B,autumn] => 1581
[TV,1501,1000,B,winter] => 1581
[TV,1501,1000,C,spring] => 1561
[TV,1501,1000,C,summer] => 1561
[TV,1501,1000,C,autumn] => 1561
[TV,1501,1000,C,winter] => 1561
[TV,1501,1000,D,spring] => 1551
[TV,1501,1000,D,summer] => 1551
[TV,1501,1000,D,autumn] => 1551
[TV,1501,1000,D,winter] => 1551
[TV,1501,1000,E,spring] => 1531
[TV,1501,1000,E,summer] => 1531
[TV,1501,1000,E,autumn] => 1531
[TV,1501,1000,E,winter] => 1531
[TV,1501,1000,F,spring] => 1511
[TV,1501,1000,F,summer] => 1511
[TV,1501,1000,F,autumn] => 1511
[TV,1501,1000,F,winter] => 1511
[TV,1501,4999,A,spring] => 1601
[TV,1501,4999,A,summer] => 1601
[TV,1501,4999,A,autumn] => 1601
[TV,1501,4999,A,winter] => 1601
[TV,1501,4999,B,spring] => 1581
[TV,1501,4999,B,summer] => 1581
[TV,1501,4999,B,autumn] => 1581
[TV,1501,4999,B,winter] => 1581
[TV,1501,4999,C,spring] => 1561
[TV,1501,4999,C,summer] => 1561
[TV,1501,4999,C,autumn] => 1561
[TV,1501,4999,C,winter] => 1561
[TV,1501,4999,D,spring] => 1551
[TV,1501,4999,D,summer] => 1551
[TV,1501,4999,D,autumn] => 1551
[TV,1501,4999,D,winter] => 1551
[TV,1501,4999,E,spring] => 1531
[TV,1501,4999,E,summer] => 1531
[TV,1501,4999,E,autumn] => 1531
[TV,1501,4999,E,winter] => 1531
[TV,1501,4999,F,spring] => 1511
[TV,1501,4999,F,summer] => 1511
[TV,1501,4999,F,autumn] => 1511
[TV,1501,4999,F,winter] => 1511
[TV,1501,5000,A,spring] => 1601
[TV,1501,5000,A,summer] => 1601
[TV,1501,5000,A,autumn] => 1601
[TV,1501,5000,A,winter] => 1601
[TV,1501,5000,B,spring] => 1581
[TV,1501,5000,B,summer] => 1581
[TV,1501,5000,B,autumn] => 1581
[TV,1501,5000,B,winter] => 1581
[TV,1501,5000,C,spring] => 1561
[TV,1501,5000,C,summer] => 1561
[TV,1501,5000,C,autumn] => 1561
[TV,1501,5000,C,winter] => 1561
[TV,1501,5000,D,spring] => 1551
[TV,1501,5000,D,summer] => 1551
[TV,1501,5000,D,autumn] => 1551
[TV,1501,5000,D,winter] => 1551
[TV,1501,5000,E,spring] => 1531
[TV,1501,5000,E,summer] => 1531
[TV,1501,5000,E,autumn] => 1531
[TV,1501,5000,E,winter] => 1531
[TV,1501,5000,F,spring] => 1511
[TV,1501,5000,F,summer] => 1511
[TV,1501,5000,F,autumn] => 1511
[TV,1501,5000,F,winter] => 1511
[Heater,100,199,A,spring] => 210
[Heater,100,199,A,summer] => 190
[Heater,100,199,A,autumn] => 230
[Heater,100,199,A,winter] => 230
[Heater,100,199,B,spring] => 190
[Heater,100,199,B,summer] => 170
[Heater,100,199,B,autumn] => 210
[Heater,100,199,B,winter] => 210
[Heater,100,199,C,spring] => 170
[Heater,100,199,C,summer] => 150
[Heater,100,199,C,autumn] => 190
[Heater,100,199,C,winter] => 190
[Heater,100,199,D,spring] => 160
[Heater,100,199,D,summer] => 140
[Heater,100,199,D,autumn] => 180
[Heater,100,199,D,winter] => 180
[Heater,100,199,E,spring] => 140
[Heater,100,199,E,summer] => 120
[Heater,100,199,E,autumn] => 160
[Heater,100,199,E,winter] => 160
[Heater,100,199,F,spring] => 120
[Heater,100,199,F,summer] => 100
[Heater,100,199,F,autumn] => 140
[Heater,100,199,F,winter] => 140
[Heater,100,200,A,spring] => 250
[Heater,100,200,A,summer] => 230
[Heater,100,200,A,autumn] => 270
[Heater,100,200,A,winter] => 270
[Heater,100,200,B,spring] => 230
[Heater,100,200,B,summer] => 210
[Heater,100,200,B,autumn] => 250
[Heater,100,200,B,winter] => 250
[Heater,100,200,C,spring] => 210
[Heater,100,200,C,summer] => 190
[Heater,100,200,C,autumn] => 230
[Heater,100,200,C,winter] => 230
[Heater,100,200,D,spring] => 200
[Heater,100,200,D,summer] => 180
[Heater,100,200,D,autumn] => 220
[Heater,100,200,D,winter] => 220
[Heater,100,200,E,spring] => 180
[Heater,100,200,E,summer] => 160
[Heater,100,200,E,autumn] => 200
[Heater,100,200,E,winter] => 200
[Heater,100,200,F,spring] => 160
[Heater,100,200,F,summer] => 140
[Heater,100,200,F,autumn] => 180
[Heater,100,200,F,winter] => 180
[Heater,100,999,A,spring] => 250
[Heater,100,999,A,summer] => 230
[Heater,100,999,A,autumn] => 270
[Heater,100,999,A,winter] => 270
[Heater,100,999,B,spring] => 230
[Heater,100,999,B,summer] => 210
[Heater,100,999,B,autumn] => 250
[Heater,100,999,B,winter] => 250
[Heater,100,999,C,spring] => 210
[Heater,100,999,C,summer] => 190
[Heater,100,999,C,autumn] => 230
[Heater,100,999,C,winter] => 230
[Heater,100,999,D,spring] => 200
[Heater,100,999,D,summer] => 180
[Heater,100,999,D,autumn] => 220
[Heater,100,999,D,winter] => 220
[Heater,100,999,E,spring] => 180
[Heater,100,999,E,summer] => 160
[Heater,100,999,E,autumn] => 200
[Heater,100,999,E,winter] => 200
[Heater,100,999,F,spring] => 160
[Heater,100,999,F,summer] => 140
[Heater,100,999,F,autumn] => 180
[Heater,100,999,F,winter] => 180
[Heater,100,1000,A,spring] => 280
[Heater,100,1000,A,summer] => 260
[Heater,100,1000,A,autumn] => 300
[Heater,100,1000,A,winter] => 300
[Heater,100,1000,B,spring] => 260
[Heater,100,1000,B,summer] => 240
[Heater,100,1000,B,autumn] => 280
[Heater,100,1000,B,winter] => 280
[Heater,100,1000,C,spring] => 240
[Heater,100,1000,C,summer] => 220
[Heater,100,1000,C,autumn] => 260
[Heater,100,1000,C,winter] => 260
[Heater,100,1000,D,spring] => 230
[Heater,100,1000,D,summer] => 210
[Heater,100,1000,D,autumn] => 250
[Heater,100,1000,D,winter] => 250
[Heater,100,1000,E,spring] => 210
[Heater,100,1000,E,summer] => 190
[Heater,100,1000,E,autumn] => 230
[Heater,100,1000,E,winter] => 230
[Heater,100,1000,F,spring] => 190
[Heater,100,1000,F,summer] => 170
[Heater,100,1000,F,autumn] => 210
[Heater,100,1000,F,winter] => 210
[Heater,100,4999,A,spring] => 280
[Heater,100,4999,A,summer] => 260
[Heater,100,4999,A,autumn] => 300
[Heater,100,4999,A,winter] => 300
[Heater,100,4999,B,spring] => 260
[Heater,100,4999,B,summer] => 240
[Heater,100,4999,B,autumn] => 280
[Heater,100,4999,B,winter] => 280
[Heater,100,4999,C,spring] => 240
[Heater,100,4999,C,summer] => 220
[Heater,100,4999,C,autumn] => 260
[Heater,100,4999,C,winter] => 260
[Heater,100,4999,D,spring] => 230
[Heater,100,4999,D,summer] => 210
[Heater,100,4999,D,autumn] => 250
[Heater,100,4999,D,winter] => 250
[Heater,100,4999,E,spring] => 210
[Heater,100,4999,E,summer] => 190
[Heater,100,4999,E,autumn] => 230
[Heater,100,4999,E,winter] => 230
[Heater,100,4999,F,spring] => 190
[Heater,100,4999,F,summer] => 170
[Heater,100,4999,F,autumn] => 210
[Heater,100,4999,F,winter] => 210
[Heater,100,5000,A,spring] => 300
[Heater,100,5000,A,summer] => 280
[Heater,100,5000,A,autumn] => 320
[Heater,100,5000,A,winter] => 320
[Heater,100,5000,B,spring] => 280
[Heater,100,5000,B,summer] => 260
[Heater,100,5000,B,autumn] => 300
[Heater,100,5000,B,winter] => 300
[Heater,100,5000,C,spring] => 260
[Heater,100,5000,C,summer] => 240
[Heater,100,5000,C,autumn] => 280
[Heater,100,5000,C,winter] => 280
[Heater,100,5000,D,spring] => 250
[Heater,100,5000,D,summer] => 230
[Heater,100,5000,D,autumn] => 270
[Heater,100,5000,D,winter] => 270
[Heater,100,5000,E,spring] => 230
[Heater,100,5000,E,summer] => 210
[Heater,100,5000,E,autumn] => 250
[Heater,100,5000,E,winter] => 250
[Heater,100,5000,F,spring] => 210
[Heater,100,5000,F,summer] => 190
[Heater,100,5000,F,autumn] => 230
[Heater,100,5000,F,winter] => 230
[Heater,1501,199,A,spring] => 1601
[Heater,1501,199,A,summer] => 1300.8
[Heater,1501,199,A,autumn] => 1901.2
[Heater,1501,199,A,winter] => 1901.2
[Heater,1501,199,B,spring] => 1581
[Heater,1501,199,B,summer] => 1280.8
[Heater,1501,199,B,autumn] => 1881.2
[Heater,1501,199,B,winter] => 1881.2
[Heater,1501,199,C,spring] => 1561
[Heater,1501,199,C,summer] => 1260.8
[Heater,1501,199,C,autumn] => 1861.2
[Heater,1501,199,C,winter] => 1861.2
[Heater,1501,199,D,spring] => 1551
[Heater,1501,199,D,summer] => 1250.8
[Heater,1501,199,D,autumn] => 1851.2
[Heater,1501,199,D,winter] => 1851.2
[Heater,1501,199,E,spring] => 1531
[Heater,1501,199,E,summer] => 1230.8
[Heater,1501,199,E,autumn] => 1831.2
[Heater,1501,199,E,winter] => 1831.2
[Heater,1501,199,F,spring] => 1511
[Heater,1501,199,F,summer] => 1210.8
[Heater,1501,199,F,autumn] => 1811.2
[Heater,1501,199,F,winter] => 1811.2
[Heater,1501,200,A,spring] => 1601
[Heater,1501,200,A,summer] => 1300.8
[Heater,1501,200,A,autumn] => 1901.2
[Heater,1501,200,A,winter] => 1901.2
[Heater,1501,200,B,spring] => 1581
[Heater,1501,200,B,summer] => 1280.8
[Heater,1501,200,B,autumn] => 1881.2
[Heater,1501,200,B,winter] => 1881.2
[Heater,1501,200,C,spring] => 1561
[Heater,1501,200,C,summer] => 1260.8
[Heater,1501,200,C,autumn] => 1861.2
[Heater,1501,200,C,winter] => 1861.2
[Heater,1501,200,D,spring] => 1551
[Heater,1501,200,D,summer] => 1250.8
[Heater,1501,200,D,autumn] => 1851.2
[Heater,1501,200,D,winter] => 1851.2
[Heater,1501,200,E,spring] => 1531
[Heater,1501,200,E,summer] => 1230.8
[Heater,1501,200,E,autumn] => 1831.2
[Heater,1501,200,E,winter] => 1831.2
[Heater,1501,200,F,spring] => 1511
[Heater,1501,200,F,summer] => 1210.8
[Heater,1501,200,F,autumn] => 1811.2
[Heater,1501,200,F,winter] => 1811.2
[Heater,1501,999,A,spring] => 1601
[Heater,1501,999,A,summer] => 1300.8
[Heater,1501,999,A,autumn] => 1901.2
[Heater,1501,999,A,winter] => 1901.2
[Heater,1501,999,B,spring] => 1581
[Heater,1501,999,B,summer] => 1280.8
[Heater,1501,999,B,autumn] => 1881.2
[Heater,1501,999,B,winter] => 1881.2
[Heater,1501,999,C,spring] => 1561
[Heater,1501,999,C,summer] => 1260.8
[Heater,1501,999,C,autumn] => 1861.2
[Heater,1501,999,C,winter] => 1861.2
[Heater,1501,999,D,spring] => 1551
[Heater,1501,999,D,summer] => 1250.8
[Heater,1501,999,D,autumn] => 1851.2
[Heater,1501,999,D,winter] => 1851.2
[Heater,1501,999,E,spring] => 1531
[Heater,1501,999,E,summer] => 1230.8
[Heater,1501,999,E,autumn] => 1831.2
[Heater,1501,999,E,winter] => 1831.2
[Heater,1501,999,F,spring] => 1511
[Heater,1501,999,F,summer] => 1210.8
[Heater,1501,999,F,autumn] => 1811.2
[Heater,1501,999,F,winter] => 1811.2
[Heater,1501,1000,A,spring] => 1601
[Heater,1501,1000,A,summer] => 1300.8
[Heater,1501,1000,A,autumn] => 1901.2
[Heater,1501,1000,A,winter] => 1901.2
[Heater,1501,1000,B,spring] => 1581
[Heater,1501,1000,B,summer] => 1280.8
[Heater,1501,1000,B,autumn] => 1881.2
[Heater,1501,1000,B,winter] => 1881.2
[Heater,1501,1000,C,spring] => 1561
[Heater,1501,1000,C,summer] => 1260.8
[Heater,1501,1000,C,autumn] => 1861.2
[Heater,1501,1000,C,winter] => 1861.2
[Heater,1501,1000,D,spring] => 1551
[Heater,1501,1000,D,summer] => 1250.8
[Heater,1501,1000,D,autumn] => 1851.2
[Heater,1501,1000,D,winter] => 1851.2
[Heater,1501,1000,E,spring] => 1531
[Heater,1501,1000,E,summer] => 1230.8
[Heater,1501,1000,E,autumn] => 1831.2
[Heater,1501,1000,E,winter] => 1831.2
[Heater,1501,1000,F,spring] => 1511
[Heater,1501,1000,F,summer] => 1210.8
[Heater,1501,1000,F,autumn] => 1811.2
[Heater,1501,1000,F,winter] => 1811.2
[Heater,1501,4999,A,spring] => 1601
[Heater,1501,4999,A,summer] => 1300.8
[Heater,1501,4999,A,autumn] => 1901.2
[Heater,1501,4999,A,winter] => 1901.2
[Heater,1501,4999,B,spring] => 1581
[Heater,1501,4999,B,summer] => 1280.8
[Heater,1501,4999,B,autumn] => 1881.2
[Heater,1501,4999,B,winter] => 1881.2
[Heater,1501,4999,C,spring] => 1561
[Heater,1501,4999,C,summer] => 1260.8
[Heater,1501,4999,C,autumn] => 1861.2
[Heater,1501,4999,C,winter] => 1861.2
[Heater,1501,4999,D,spring] => 1551
[Heater,1501,4999,D,summer] => 1250.8
[Heater,1501,4999,D,autumn] => 1851.2
[Heater,1501,4999,D,winter] => 1851.2
[Heater,1501,4999,E,spring] => 1531
[Heater,1501,4999,E,summer] => 1230.8
[Heater,1501,4999,E,autumn] => 1831.2
[Heater,1501,4999,E,winter] => 1831.2
[Heater,1501,4999,F,spring] => 1511
[Heater,1501,4999,F,summer] => 1210.8
[Heater,1501,4999,F,autumn] => 1811.2
[Heater,1501,4999,F,winter] => 1811.2
[Heater,1501,5000,A,spring] => 1601
[Heater,1501,5000,A,summer] => 1300.8
[Heater,1501,5000,A,autumn] => 1901.2
[Heater,1501,5000,A,winter] => 1901.2
[Heater,1501,5000,B,spring] => 1581
[Heater,1501,5000,B,summer] => 1280.8
[Heater,1501,5000,B,autumn] => 1881.2
[Heater,1501,5000,B,winter] => 1881.2
[Heater,1501,5000,C,spring] => 1561
[Heater,1501,5000,C,summer] => 1260.8
[Heater,1501,5000,C,autumn] => 1861.2
[Heater,1501,5000,C,winter] => 1861.2
[Heater,1501,5000,D,spring] => 1551
[Heater,1501,5000,D,summer] => 1250.8
[Heater,1501,5000,D,autumn] => 1851.2
[Heater,1501,5000,D,winter] => 1851.2
[Heater,1501,5000,E,spring] => 1531
[Heater,1501,5000,E,summer] => 1230.8
[Heater,1501,5000,E,autumn] => 1831.2
[Heater,1501,5000,E,winter] => 1831.2
[Heater,1501,5000,F,spring] => 1511
[Heater,1501,5000,F,summer] => 1210.8
[Heater,1501,5000,F,autumn] => 1811.2
[Heater,1501,5000,F,winter] => 1811.2
[Fan,100,199,A,spring] => 210
[Fan,100,199,A,summer] => 240
[Fan,100,199,A,autumn] => 210
[Fan,100,199,A,winter] => 180
[Fan,100,199,B,spring] => 190
[Fan,100,199,B,summer] => 220
[Fan,100,199,B,autumn] => 190
[Fan,100,199,B,winter] => 160
[Fan,100,199,C,spring] => 170
[Fan,100,199,C,summer] => 200
[Fan,100,199,C,autumn] => 170
[Fan,100,199,C,winter] => 140
[Fan,100,199,D,spring] => 160
[Fan,100,199,D,summer] => 190
[Fan,100,199,D,autumn] => 160
[Fan,100,199,D,winter] => 130
[Fan,100,199,E,spring] => 140
[Fan,100,199,E,summer] => 170
[Fan,100,199,E,autumn] => 140
[Fan,100,199,E,winter] => 110
[Fan,100,199,F,spring] => 120
[Fan,100,199,F,summer] => 150
[Fan,100,199,F,autumn] => 120
[Fan,100,199,F,winter] => 90
[Fan,100,200,A,spring] => 250
[Fan,100,200,A,summer] => 280
[Fan,100,200,A,autumn] => 250
[Fan,100,200,A,winter] => 220
[Fan,100,200,B,spring] => 230
[Fan,100,200,B,summer] => 260
[Fan,100,200,B,autumn] => 230
[Fan,100,200,B,winter] => 200
[Fan,100,200,C,spring] => 210
[Fan,100,200,C,summer] => 240
[Fan,100,200,C,autumn] => 210
[Fan,100,200,C,winter] => 180
[Fan,100,200,D,spring] => 200
[Fan,100,200,D,summer] => 230
[Fan,100,200,D,autumn] => 200
[Fan,100,200,D,winter] => 170
[Fan,100,200,E,spring] => 180
[Fan,100,200,E,summer] => 210
[Fan,100,200,E,autumn] => 180
[Fan,100,200,E,winter] => 150
[Fan,100,200,F,spring] => 160
[Fan,100,200,F,summer] => 190
[Fan,100,200,F,autumn] => 160
[Fan,100,200,F,winter] => 130
[Fan,100,999,A,spring] => 250
[Fan,100,999,A,summer] => 280
[Fan,100,999,A,autumn] => 250
[Fan,100,999,A,winter] => 220
[Fan,100,999,B,spring] => 230
[Fan,100,999,B,summer] => 260
[Fan,100,999,B,autumn] => 230
[Fan,100,999,B,winter] => 200
[Fan,100,999,C,spring] => 210
[Fan,100,999,C,summer] => 240
[Fan,100,999,C,autumn] => 210
[Fan,100,999,C,winter] => 180
[Fan,100,999,D,spring] => 200
[Fan,100,999,D,summer] => 230
[Fan,100,999,D,autumn] => 200
[Fan,100,999,D,winter] => 170
[Fan,100,999,E,spring] => 180
[Fan,100,999,E,summer] => 210
[Fan,100,999,E,autumn] => 180
[Fan,100,999,E,winter] => 150
[Fan,100,999,F,spring] => 160
[Fan,100,999,F,summer] => 190
[Fan,100,999,F,autumn] => 160
[Fan,100,999,F,winter] => 130
[Fan,100,1000,A,spring] => 280
[Fan,100,1000,A,summer] => 310
[Fan,100,1000,A,autumn] => 280
[Fan,100,1000,A,winter] => 250
[Fan,100,1000,B,spring] => 260
[Fan,100,1000,B,summer] => 290
[Fan,100,1000,B,autumn] => 260
[Fan,100,1000,B,winter] => 230
[Fan,100,1000,C,spring] => 240
[Fan,100,1000,C,summer] => 270
[Fan,100,1000,C,autumn] => 240
[Fan,100,1000,C,winter] => 210
[Fan,100,1000,D,spring] => 230
[Fan,100,1000,D,summer] => 260
[Fan,100,1000,D,autumn] => 230
[Fan,100,1000,D,winter] => 200
[Fan,100,1000,E,spring] => 210
[Fan,100,1000,E,summer] => 240
[Fan,100,1000,E,autumn] => 210
[Fan,100,1000,E,winter] => 180
[Fan,100,1000,F,spring] => 190
[Fan,100,1000,F,summer] => 220
[Fan,100,1000,F,autumn] => 190
[Fan,100,1000,F,winter] => 160
[Fan,100,4999,A,spring] => 280
[Fan,100,4999,A,summer] => 310
[Fan,100,4999,A,autumn] => 280
[Fan,100,4999,A,winter] => 250
[Fan,100,4999,B,spring] => 260
[Fan,100,4999,B,summer] => 290
[Fan,100,4999,B,autumn] => 260
[Fan,100,4999,B,winter] => 230
[Fan,100,4999,C,spring] => 240
[Fan,100,4999,C,summer] => 270
[Fan,100,4999,C,autumn] => 240
[Fan,100,4999,C,winter] => 210
[Fan,100,4999,D,spring] => 230
[Fan,100,4999,D,summer] => 260
[Fan,100,4999,D,autumn] => 230
[Fan,100,4999,D,winter] => 200
[Fan,100,4999,E,spring] => 210
[Fan,100,4999,E,summer] => 240
[Fan,100,4999,E,autumn] => 210
[Fan,100,4999,E,winter] => 180
[Fan,100,4999,F,spring] => 190
[Fan,100,4999,F,summer] => 220
[Fan,100,4999,F,autumn] => 190
[Fan,100,4999,F,winter] => 160
[Fan,100,5000,A,spring] => 300
[Fan,100,5000,A,summer] => 330
[Fan,100,5000,A,autumn] => 300
[Fan,100,5000,A,winter] => 270
[Fan,100,5000,B,spring] => 280
[Fan,100,5000,B,summer] => 310
[Fan,100,5000,B,autumn] => 280
[Fan,100,5000,B,winter] => 250
[Fan,100,5000,C,spring] => 260
[Fan,100,5000,C,summer] => 290
[Fan,100,5000,C,autumn] => 260
[Fan,100,5000,C,winter] => 230
[Fan,100,5000,D,spring] => 250
[Fan,100,5000,D,summer] => 280
[Fan,100,5000,D,autumn] => 250
[Fan,100,5000,D,winter] => 220
[Fan,100,5000,E,spring] => 230
[Fan,100,5000,E,summer] => 260
[Fan,100,5000,E,autumn] => 230
[Fan,100,5000,E,winter] => 200
[Fan,100,5000,F,spring] => 210
[Fan,100,5000,F,summer] => 240
[Fan,100,5000,F,autumn] => 210
[Fan,100,5000,F,winter] => 180
[Fan,1501,199,A,spring] => 1601
[Fan,1501,199,A,summer] => 2051.3
[Fan,1501,199,A,autumn] => 1601
[Fan,1501,199,A,winter] => 1150.7
[Fan,1501,199,B,spring] => 1581
[Fan,1501,199,B,summer] => 2031.3
[Fan,1501,199,B,autumn] => 1581
[Fan,1501,199,B,winter] => 1130.7
[Fan,1501,199,C,spring] => 1561
[Fan,1501,199,C,summer] => 2011.3
[Fan,1501,199,C,autumn] => 1561
[Fan,1501,199,C,winter] => 1110.7
[Fan,1501,199,D,spring] => 1551
[Fan,1501,199,D,summer] => 2001.3
[Fan,1501,199,D,autumn] => 1551
[Fan,1501,199,D,winter] => 1100.7
[Fan,1501,199,E,spring] => 1531
[Fan,1501,199,E,summer] => 1981.3
[Fan,1501,199,E,autumn] => 1531
[Fan,1501,199,E,winter] => 1080.7
[Fan,1501,199,F,spring] => 1511
[Fan,1501,199,F,summer] => 1961.3
[Fan,1501,199,F,autumn] => 1511
[Fan,1501,199,F,winter] => 1060.7
[Fan,1501,200,A,spring] => 1601
[Fan,1501,200,A,summer] => 2051.3
[Fan,1501,200,A,autumn] => 1601
[Fan,1501,200,A,winter] => 1150.7
[Fan,1501,200,B,spring] => 1581
[Fan,1501,200,B,summer] => 2031.3
[Fan,1501,200,B,autumn] => 1581
[Fan,1501,200,B,winter] => 1130.7
[Fan,1501,200,C,spring] => 1561
[Fan,1501,200,C,summer] => 2011.3
[Fan,1501,200,C,autumn] => 1561
[Fan,1501,200,C,winter] => 1110.7
[Fan,1501,200,D,spring] => 1551
[Fan,1501,200,D,summer] => 2001.3
[Fan,1501,200,D,autumn] => 1551
[Fan,1501,200,D,winter] => 1100.7
[Fan,1501,200,E,spring] => 1531
[Fan,1501,200,E,summer] => 1981.3
[Fan,1501,200,E,autumn] => 1531
[Fan,1501,200,E,winter] => 1080.7
[Fan,1501,200,F,spring] => 1511
[Fan,1501,200,F,summer] => 1961.3
[Fan,1501,200,F,autumn] => 1511
[Fan,1501,200,F,winter] => 1060.7
[Fan,1501,999,A,spring] => 1601
[Fan,1501,999,A,summer] => 2051.3
[Fan,1501,999,A,autumn] => 1601
[Fan,1501,999,A,winter] => 1150.7
[Fan,1501,999,B,spring] => 1581
[Fan,1501,999,B,summer] => 2031.3
[Fan,1501,999,B,autumn] => 1581
[Fan,1501,999,B,winter] => 1130.7
[Fan,1501,999,C,spring] => 1561
[Fan,1501,999,C,summer] => 2011.3
[Fan,1501,999,C,autumn] => 1561
[Fan,1501,999,C,winter] => 1110.7
[Fan,1501,999,D,spring] => 1551
[Fan,1501,999,D,summer] => 2001.3
[Fan,1501,999,D,autumn] => 1551
[Fan,1501,999,D,winter] => 1100.7
[Fan,1501,999,E,spring] => 1531
[Fan,1501,999,E,summer] => 1981.3
[Fan,1501,999,E,autumn] => 1531
[Fan,1501,999,E,winter] => 1080.7
[Fan,1501,999,F,spring] => 1511
[Fan,1501,999,F,summer] => 1961.3
[Fan,1501,999,F,autumn] => 1511
[Fan,1501,999,F,winter] => 1060.7
[Fan,1501,1000,A,spring] => 1601
[Fan,1501,1000,A,summer] => 2051.3
[Fan,1501,1000,A,autumn] => 1601
[Fan,1501,1000,A,winter] => 1150.7
[Fan,1501,1000,B,spring] => 1581
[Fan,1501,1000,B,summer] => 2031.3
[Fan,1501,1000,B,autumn] => 1581
[Fan,1501,1000,B,winter] => 1130.7
[Fan,1501,1000,C,spring] => 1561
[Fan,1501,1000,C,summer] => 2011.3
[Fan,1501,1000,C,autumn] => 1561
[Fan,1501,1000,C,winter] => 1110.7
[Fan,1501,1000,D,spring] => 1551
[Fan,1501,1000,D,summer] => 2001.3
[Fan,1501,1000,D,autumn] => 1551
[Fan,1501,1000,D,winter] => 1100.7
[Fan,1501,1000,E,spring] => 1531
[Fan,1501,1000,E,summer] => 1981.3
[Fan,1501,1000,E,autumn] => 1531
[Fan,1501,1000,E,winter] => 1080.7
[Fan,1501,1000,F,spring] => 1511
[Fan,1501,1000,F,summer] => 1961.3
[Fan,1501,1000,F,autumn] => 1511
[Fan,1501,1000,F,winter] => 1060.7
[Fan,1501,4999,A,spring] => 1601
[Fan,1501,4999,A,summer] => 2051.3
[Fan,1501,4999,A,autumn] => 1601
[Fan,1501,4999,A,winter] => 1150.7
[Fan,1501,4999,B,spring] => 1581
[Fan,1501,4999,B,summer] => 2031.3
[Fan,1501,4999,B,autumn] => 1581
[Fan,1501,4999,B,winter] => 1130.7
[Fan,1501,4999,C,spring] => 1561
[Fan,1501,4999,C,summer] => 2011.3
[Fan,1501,4999,C,autumn] => 1561
[Fan,1501,4999,C,winter] => 1110.7
[Fan,1501,4999,D,spring] => 1551
[Fan,1501,4999,D,summer] => 2001.3
[Fan,1501,4999,D,autumn] => 1551
[Fan,1501,4999,D,winter] => 1100.7
[Fan,1501,4999,E,spring] => 1531
[Fan,1501,4999,E,summer] => 1981.3
[Fan,1501,4999,E,autumn] => 1531
[Fan,1501,4999,E,winter] => 1080.7
[Fan,1501,4999,F,spring] => 1511
[Fan,1501,4999,F,summer] => 1961.3
[Fan,1501,4999,F,autumn] => 1511
[Fan,1501,4999,F,winter] => 1060.7
[Fan,1501,5000,A,spring] => 1601
[Fan,1501,5000,A,summer] => 2051.3
[Fan,1501,5000,A,autumn] => 1601
[Fan,1501,5000,A,winter] => 1150.7
[Fan,1501,5000,B,spring] => 1581
[Fan,1501,5000,B,summer] => 2031.3
[Fan,1501,5000,B,autumn] => 1581
[Fan,1501,5000,B,winter] => 1130.7
[Fan,1501,5000,C,spring] => 1561
[Fan,1501,5000,C,summer] => 2011.3
[Fan,1501,5000,C,autumn] => 1561
[Fan,1501,5000,C,winter] => 1110.7
[Fan,1501,5000,D,spring] => 1551
[Fan,1501,5000,D,summer] => 2001.3
[Fan,1501,5000,D,autumn] => 1551
[Fan,1501,5000,D,winter] => 1100.7
[Fan,1501,5000,E,spring] => 1531
[Fan,1501,5000,E,summer] => 1981.3
[Fan,1501,5000,E,autumn] => 1531
[Fan,1501,5000,E,winter] => 1080.7
[Fan,1501,5000,F,spring] => 1511
[Fan,1501,5000,F,summer] => 1961.3
[Fan,1501,5000,F,autumn] => 1511
[Fan,1501,5000,F,winter] => 1060.7
